[backblue.gif]
[fade.gif]
[index.html]
[yswantou.com/style/images/wx.png]
[yswantou.com/images/logo.jpg]
[yswantou.com/style/images/alibaba.jpg]
[yswantou.com/images/banner1.jpg]
[yswantou.com/images/banner2.jpg]
[yswantou.com/uploads/image/20171018/1508317036.jpg]
[yswantou.com/uploads/image/20171019/1508357484.jpg]
[yswantou.com/uploads/image/20171019/1508357493.jpg]
[yswantou.com/uploads/image/20171019/1508351508.jpg]
[yswantou.com/uploads/image/20171019/1508355184.jpg]
[yswantou.com/uploads/image/20171019/1508356976.jpg]
[yswantou.com/uploads/image/20171019/1508359259.jpg]
[yswantou.com/uploads/image/20171018/1508313865.jpg]
[yswantou.com/uploads/image/20171019/1508349933.jpg]
[yswantou.com/uploads/image/20171018/1508341075.jpg]
[yswantou.com/uploads/image/20171019/1508349642.jpg]
[yswantou.com/uploads/image/20171018/1508316872.jpg]
[yswantou.com/uploads/image/20171018/1508313212.jpg]
[yswantou.com/uploads/image/20171019/1508353230.jpg]
[yswantou.com/uploads/image/20171018/1508313870.jpg]
[yswantou.com/uploads/image/20171019/1508354265.jpg]
[yswantou.com/uploads/image/20171018/1508317491.jpg]
[yswantou.com/uploads/image/20171019/1508353010.jpg]
[yswantou.com/uploads/image/20171018/1508317357.jpg]
[yswantou.com/uploads/image/20171018/1508318609.jpg]
[yswantou.com/uploads/image/20171019/1508355880.jpg]
[yswantou.com/style/images/rz-left.jpg]
[yswantou.com/style/images/rz-right.jpg]
[yswantou.com/style/images/43a919ee1cb44eaf869c27e2c953d715.png]
[yswantou.com/style/images/2b6f4eef472f49adafa684c1773518ec.jpg]
[js.users.51.la/19325284.js]
[yswantou.com/index.html]
[yswantou.com/style/css/reset.css]
[yswantou.com/style/css/img/ico10.gif]
[yswantou.com/style/css/img/ico7.gif]
[yswantou.com/style/css/temp.css]
[yswantou.com/style/css/img/submenu-h2.jpg]
[yswantou.com/style/css/img/submenu-h3.jpg]
[yswantou.com/style/css/img/submenu-h4.jpg]
[yswantou.com/style/css/img/submenu-li.jpg]
[yswantou.com/style/css/img/hf-btn.png]
[yswantou.com/style/css/img/ys-tit-bg.jpg]
[yswantou.com/style/css/img/ys-bg11.jpg]
[yswantou.com/style/css/img/li-tit.gif]
[yswantou.com/style/css/img/ys-btn.gif]
[yswantou.com/style/css/img/hf2.jpg]
[yswantou.com/style/css/img/line.png]
[yswantou.com/style/css/img/hf2-bg.jpg]
[yswantou.com/style/css/img/customer-more.jpg]
[yswantou.com/style/css/img/rz-bg.jpg]
[yswantou.com/style/css/img/rz-tit.jpg]
[yswantou.com/style/css/img/png.png]
[yswantou.com/style/css/img/square.jpg]
[yswantou.com/style/css/img/w.jpg]
[yswantou.com/style/css/img/d.jpg]
[yswantou.com/style/css/img/link-tit.jpg]
[yswantou.com/style/css/img/left2_top_img.gif]
[yswantou.com/style/css/img/left_bot_img.gif]
[yswantou.com/style/css/img/right_bot2_img.gif]
[yswantou.com/style/css/img/right_top_img.gif]
[yswantou.com/style/css/img/right2_top_img.gif]
[yswantou.com/style/css/img/right_bot_img.gif]
[yswantou.com/style/css/img/left_bot2_img.gif]
[yswantou.com/style/css/img/right_top1_img.gif]
[yswantou.com/style/css/img/right_bot1_img.gif]
[yswantou.com/style/css/img/menu-line.gif]
[yswantou.com/style/css/img/ser-bg.gif]
[yswantou.com/style/css/img/fdj.gif]
[yswantou.com/style/css/img/footer-bg.jpg]
[yswantou.com/style/css/img/f-yy.jpg]
[yswantou.com/style/css/img/jjfa-tit.jpg]
[yswantou.com/style/css/img/a1.jpg]
[yswantou.com/style/css/img/qua-bg.jpg]
[yswantou.com/style/css/img/wenti.jpg]
[yswantou.com/style/css/resetcommonindex.css]
[yswantou.com/style/css/fanhuidibu.css]
[yswantou.com/style/css/img/is.png]
[yswantou.com/style/css/img/pi.gif]
[yswantou.com/style/css/bdsstyle.css]
[yswantou.com/style/css/sitemap.css]
[yswantou.com/style/css/img/toolbar.png]
[yswantou.com/style/css/qq.css]
[yswantou.com/style/css/img/call_button.jpg]
[yswantou.com/style/css/img/call_button1.jpg]
[yswantou.com/style/css/img/cell_ok.jpg]
[yswantou.com/style/css/img/sure_button.jpg]
[yswantou.com/style/css/img/cell_ok1.jpg]
[yswantou.com/style/css/css.css]
[yswantou.com/style/js/lrtk.js]
[yswantou.com/style/js/nsw_details.js]
[yswantou.com/style/js/Index.js]
[yswantou.com/style/js/MSClass.js]
[yswantou.com/style/js/jquery-1.8.3.min.js]
[yswantou.com/style/js/NSW_Index.js]
[yswantou.com/style/js/DD_belatedPNG_0.0.8a-min.js]
[yswantou.com/style/images/20140620110953_78064.jpg]
[yswantou.com/product-1-1.html]
[yswantou.com/product-12-1.html]
[yswantou.com/style/images/news_banner.jpg]
[yswantou.com/news-40-1.html]
[yswantou.com/style/images/5.jpg]
[yswantou.com/about-46-1.html]
[yswantou.com/about-2-1.html]
[yswantou.com/city.html]
[yswantou.com/style/js/flash.js]
[yswantou.com/product-14-1.html]
[yswantou.com/product-26-1.html]
[yswantou.com/product-51-1.html]
[yswantou.com/product-52-1.html]
[yswantou.com/product-53-1.html]
[yswantou.com/product-90-1.html]
[yswantou.com/product-54-1.html]
[yswantou.com/product-64-1.html]
[yswantou.com/product-65-1.html]
[yswantou.com/product-67-1.html]
[yswantou.com/product-69-1.html]
[yswantou.com/product-70-1.html]
[yswantou.com/product-71-1.html]
[yswantou.com/product-72-1.html]
[yswantou.com/product-73-1.html]
[yswantou.com/product-74-1.html]
[yswantou.com/product-75-1.html]
[yswantou.com/product-76-1.html]
[yswantou.com/product-77-1.html]
[yswantou.com/product-78-1.html]
[yswantou.com/product-79-1.html]
[yswantou.com/product-80-1.html]
[yswantou.com/product-81-1.html]
[yswantou.com/product-97-1.html]
[yswantou.com/product-99-1.html]
[yswantou.com/product-100-1.html]
[yswantou.com/product-101-1.html]
[yswantou.com/product-102-1.html]
[yswantou.com/product-103-1.html]
[yswantou.com/product-104-1.html]
[yswantou.com/product-105-1.html]
[yswantou.com/product-106-1.html]
[yswantou.com/product-107-1.html]
[yswantou.com/product-108-1.html]
[yswantou.com/product-109-1.html]
[yswantou.com/product-110-1.html]
[yswantou.com/product-111-1.html]
[yswantou.com/product-112-1.html]
[yswantou.com/product-113-1.html]
[yswantou.com/product-114-1.html]
[yswantou.com/product-115-1.html]
[yswantou.com/product-116-1.html]
[yswantou.com/product-117-1.html]
[yswantou.com/product-118-1.html]
[yswantou.com/product-119-1.html]
[yswantou.com/product-120-1.html]
[yswantou.com/product-121-1.html]
[yswantou.com/product-122-1.html]
[yswantou.com/product-123-1.html]
[yswantou.com/product-124-1.html]
[yswantou.com/product-125-1.html]
[yswantou.com/product-126-1.html]
[yswantou.com/product.html]
[yswantou.com/style/images/buynowsmalls.gif]
[yswantou.com/style/images/2014042620XD46TR22.jpg]
[yswantou.com/productshow-70-427-1.html]
[yswantou.com/productshow-74-443-1.html]
[yswantou.com/productshow-102-434-1.html]
[yswantou.com/productshow-103-435-1.html]
[yswantou.com/productshow-81-439-1.html]
[yswantou.com/productshow-107-444-1.html]
[yswantou.com/productshow-105-442-1.html]
[yswantou.com/productshow-100-432-1.html]
[yswantou.com/productshow-104-436-1.html]
[yswantou.com/productshow-101-433-1.html]
[yswantou.com/productshow-111-441-1.html]
[yswantou.com/productshow-71-429-1.html]
[yswantou.com/productshow-64-425-1.html]
[yswantou.com/productshow-80-438-1.html]
[yswantou.com/productshow-69-428-1.html]
[yswantou.com/productshow-73-437-1.html]
[yswantou.com/productshow-65-426-1.html]
[yswantou.com/productshow-110-440-1.html]
[yswantou.com/productshow-99-431-1.html]
[yswantou.com/productshow-72-430-1.html]
[yswantou.com/productshow-97-445-1.html]
[yswantou.com/honour.html]
[yswantou.com/news.html]
[yswantou.com/newsshow-4-305-1.html]
[yswantou.com/newsshow-4-304-1.html]
[yswantou.com/newsshow-4-303-1.html]
[yswantou.com/newsshow-4-302-1.html]
[yswantou.com/newsshow-40-301-1.html]
[yswantou.com/newsshow-4-300-1.html]
[yswantou.com/newsshow-27-299-1.html]
[yswantou.com/newsshow-27-298-1.html]
[yswantou.com/newsshow-40-297-1.html]
[yswantou.com/newsshow-40-296-1.html]
[www.hbjdgjzz.com/Upfiles/proimages/弯头(9).jpg]
[yswantou.com/newsshow-40-295-1.html]
[yswantou.com/newsshow-40-294-1.html]
[yswantou.com/newsshow-40-293-1.html]
[yswantou.com/newsshow-40-292-1.html]
[yswantou.com/style/js/rollup.html]
[yswantou.com/style/css/img/99bill_pay.html]
[yswantou.com/style/css/img/nodata.html]
[yswantou.com/style/css/img/verror.html]
[yswantou.com/style/css/img/all_columns_title.html]
[yswantou.com/style/css/img/ico12.html]
[yswantou.com/style/css/img/attr_form.html]
[yswantou.com/style/css/img/attr_form_b.html]
[yswantou.com/style/css/img/smallimgbg1.html]
[yswantou.com/style/css/img/ico6.html]
[yswantou.com/style/css/img/u_invitation.html]
[yswantou.com/style/css/img/ad_bg.html]
[yswantou.com/style/css/img/left_top_img.html]
[yswantou.com/style/css/img/nodata01.html]
[yswantou.com/style/css/img/pop_c.html]
[yswantou.com/style/css/img/is_32.html]
[yswantou.com/style/css/img/is_24.html]
[yswantou.com/style/css/img/sc.html]
[yswantou.com/style/css/img/ico27.html]
[yswantou.com/style/css/img/topbar.html]
[yswantou.com/style/css/img/yes_m.html]
[yswantou.com/ico_ok.html]
[yswantou.com/ico_info.html]
[yswantou.com/ioc_ques.html]
[yswantou.com/ico_error.html]
[yswantou.com/ico_normal.html]
[yswantou.com/Skins/default/index.html]
[yswantou.com/Skins/Default/index-2.html]
[yswantou.com/style/css/img/SkinsVIBar.png]
[yswantou.com/style/css/img/SkinsVIBtn.png]
[yswantou.com/style/css/img/tit1n.gif]
[yswantou.com/style/css/img/ico003.gif]
[yswantou.com/style/css/img/news_list_bg.gif]
[yswantou.com/style/css/img/title.gif]
[yswantou.com/style/css/img/fenlei_line.gif]
[yswantou.com/style/css/img/pro_fenlei_a.gif]
[yswantou.com/style/css/img/pro_fenlei_span.gif]
[yswantou.com/style/css/img/Teln.gif]
[yswantou.com/style/css/img/sprite.png]
[yswantou.com/style/css/img/MD_ico.gif]
[yswantou.com/style/css/Style.css]
[yswantou.com/style/css/area.css]
[yswantou.com/product-1-2.html]
[yswantou.com/product-27-1.html]
[yswantou.com/product-40-1.html]
[yswantou.com/style/css/img/bg.gif]
[yswantou.com/style/css/base.css]
[yswantou.com/product-2.html]
[yswantou.com/style/css/resetcommon.css]
[yswantou.com/style/js/NSW_DetailsPro.js]
[yswantou.com/QRCode57b6.html]
[yswantou.com/Skins/mt013/content/index.html]
[yswantou.com/cpzx/index.html]
[yswantou.com/style/js/pshow2.js]
[yswantou.com/style/js/Detailed.js]
[yswantou.com/style/js/Cls_jsPage.js]
[yswantou.com/style/css/img/tit1.html]
[yswantou.com/style/css/img/base754.html]
[yswantou.com/style/css/img/ico55.html]
[yswantou.com/style/css/img/tit3n.html]
[yswantou.com/style/css/img/icon1.html]
[yswantou.com/style/css/img/t05li2.html]
[yswantou.com/style/css/img/ico8.html]
[yswantou.com/style/css/img/ico25.html]
[yswantou.com/style/css/img/ico25_1.html]
[yswantou.com/style/css/img/ico24.html]
[yswantou.com/style/css/img/ico24_1.html]
[yswantou.com/style/css/img/smallimgbg2.html]
[yswantou.com/style/css/img/ico14.html]
[yswantou.com/style/css/img/ico33.html]
[yswantou.com/style/css/img/ico32.html]
[yswantou.com/style/css/img/u_menu_bg.html]
[yswantou.com/style/css/img/ico16.html]
[yswantou.com/style/css/img/zc_lc_1.html]
[yswantou.com/style/css/img/getpassword1.html]
[yswantou.com/style/css/img/getpassword2.html]
[yswantou.com/style/css/img/ico26.html]
[yswantou.com/style/css/img/login_left_form_bg.html]
[yswantou.com/style/css/img/vote.html]
[yswantou.com/style/css/img/sur_tit.html]
[yswantou.com/style/css/img/Sennews_tit_bg.html]
[yswantou.com/style/css/img/mes_time_bg.html]
[yswantou.com/style/css/img/job_list_bg.html]
[yswantou.com/style/css/img/ico13.html]
[yswantou.com/style/css/img/first_page.html]
[yswantou.com/style/css/img/pre_page.html]
[yswantou.com/style/css/img/next_page.html]
[yswantou.com/style/css/img/last_page.html]
[yswantou.com/style/css/img/img_5.html]
[yswantou.com/style/css/img/img_6.html]
[yswantou.com/style/css/img/img_7.html]
[yswantou.com/style/css/img/img_8.html]
[yswantou.com/style/css/img/b53.html]
[yswantou.com/style/css/img/b54.html]
[yswantou.com/style/css/img/b55.html]
[yswantou.com/style/css/img/b56.html]
[yswantou.com/style/css/img/b57.html]
[yswantou.com/style/css/img/b58.html]
[yswantou.com/style/css/img/b63.html]
[yswantou.com/style/css/img/b64.html]
[yswantou.com/style/css/img/ico_41.html]
[yswantou.com/style/css/img/color.html]
[yswantou.com/style/css/img/zoomloader.html]
[yswantou.com/style/css/img/FriendLinkb.html]
[yswantou.com/style/css/img/FriendLink.html]
[yswantou.com/style/css/img/qq-icon-bg.html]
[yswantou.com/style/css/img/weixing-icon.html]
[yswantou.com/style/css/img/totop-icon.html]
[yswantou.com/style/css/img/close_im.html]
[yswantou.com/style/css/img/open_im.html]
[yswantou.com/Paycenter/PayDirectConfirm.html]
